node.exe : 
ts-jest[config] 
(WARN) 
No linha:1 
caractere:1
+ & "C:\Program Files
\nodejs/node.exe" "C:
\Users\maior\AppData\
Roaming\ ...
+ ~~~~~~~~~~~~~~~~~~~
~~~~~~~~~~~~~~~~~~~~~
~~~~~~~~~~~~~~~~~~~~~
~~~~~~~~
    + CategoryInfo   
           : NotSpe  
  cified: (ts-jest   
 [config] (WARN)     
:String) [], Rem    
oteException
    + FullyQualified 
   ErrorId : Native  
  CommandError
 
    The "ts-jest" 
config option 
"isolatedModules" is 
deprecated and will 
be removed in 
v30.0.0. Please use 
"isolatedModules: 
true" in C:/Users/mai
or/OneDrive/Documento
s/projetos/secure-aut
h-poc/tsconfig.json 
instead, see https://
www.typescriptlang.or
g/tsconfig/#isolatedM
odules
  
ts-jest[config] 
(WARN) 
    The "ts-jest" 
config option 
"isolatedModules" is 
deprecated and will 
be removed in 
v30.0.0. Please use 
"isolatedModules: 
true" in C:/Users/mai
or/OneDrive/Documento
s/projetos/secure-aut
h-poc/tsconfig.json 
instead, see https://
www.typescriptlang.or
g/tsconfig/#isolatedM
odules
  
  console.log
    [INFO] Ô£à Redis: Connected

      at Object.info (src/shared/utils/Logger.ts:5:13)

  console.log
    [INFO] Ô£à Redis: Connected

      at Object.info (src/shared/utils/Logger.ts:5:13)

  console.log
    [INFO] Ô£à Redis: Ready

      at Object.info (src/shared/utils/Logger.ts:5:13)

  console.log
    [INFO] Ô£à Redis: Ready

      at Object.info (src/shared/utils/Logger.ts:5:13)

  console.log
    [INFO] Ô£à Redis: Disconnected

      at Object.info (src/shared/utils/Logger.ts:5:13)

  console.log
    [INFO] Ô£à Redis: Disconnected

      at Object.info (src/shared/utils/Logger.ts:5:13)

FAIL src/modules/auth
/auth.integration.spe
c.ts
  Auth Integration 
Tests
    POST 
/api/auth/register
      ├ù should 
register a new user 
successfully (100 ms)
      ├ù should 
reject duplicate 
email (12 ms)
    POST 
/api/auth/login
      ├ù should 
login successfully 
and set cookies (9 
ms)
      ├ù should 
reject invalid 
credentials (9 ms)
    POST 
/api/auth/refresh
      ├ù should 
refresh tokens 
successfully (9 ms)
    POST 
/api/auth/logout
      ├ù should 
logout successfully 
and clear cookies (6 
ms)

  ÔùÅ Auth 
Integration Tests 
ÔÇ║ POST 
/api/auth/register 
ÔÇ║ should register 
a new user 
successfully

    expected 201 
"Created", got 403 
"Forbidden"

    [0m [90m 42 
|[39m   
describe([32m'POST /
api/auth/register'[3
9m[33m,[39m () 
[33m=>[39m {
     [90m 43 |[39m 
    it([32m'should 
register a new user s
uccessfully'[39m[33
m,[39m 
[36masync[39m () 
[33m=>[39m {
    [31m[1m>[22m[
39m[90m 44 |[39m   
    [36mconst[39m 
response [33m=[39m 
[36mawait[39m reque
st(app)[33m.[39mpos
t([32m'/api/auth/reg
ister'[39m)[33m.[3
9msend(testUser)[33m
.[39mexpect([35m201
[39m)[33m;[39m
     [90m    |[39m 
                     
                     
                     
                     
[31m[1m^[22m[39m
     [90m 45 |[39m
     [90m 46 |[39m 
      expect(response
[33m.[39mbody[33m.
[39mstatus)[33m.[3
9mtoBe([32m'success'
[39m)[33m;[39m
     [90m 47 |[39m 
      expect(response
[33m.[39mbody[33m.
[39mdata[33m.[39mu
ser[33m.[39memail)
[33m.[39mtoBe(testUs
er[33m.[39memail)[
33m;[39m[0m

      at 
Object.<anonymous> (s
rc/modules/auth/auth.
integration.spec.ts:4
4:85)
      ----
      at 
Test._assertStatus (n
ode_modules/supertest
/lib/test.js:309:14)
      at node_modules
/supertest/lib/test.j
s:365:13
      at 
Test._assertFunction 
(node_modules/superte
st/lib/test.js:342:13
)
      at Test.assert 
(node_modules/superte
st/lib/test.js:195:23
)
      at localAssert 
(node_modules/superte
st/lib/test.js:138:14
)
      at 
Server.<anonymous> (n
ode_modules/supertest
/lib/test.js:152:11)

  ÔùÅ Auth 
Integration Tests 
ÔÇ║ POST 
/api/auth/register 
ÔÇ║ should reject 
duplicate email

    expected 400 
"Bad Request", got 
403 "Forbidden"

    [0m [90m 50 
|[39m
     [90m 51 |[39m 
    it([32m'should 
reject duplicate emai
l'[39m[33m,[39m 
[36masync[39m () 
[33m=>[39m {
    [31m[1m>[22m[
39m[90m 52 |[39m   
    [36mawait[39m r
equest(app)[33m.[39
mpost([32m'/api/auth
/register'[39m)[33m
.[39msend(testUser)
[33m.[39mexpect([35
m400[39m)[33m;[39m
     [90m    |[39m 
                     
                     
                     
    
[31m[1m^[22m[39m
     [90m 53 |[39m 
    })[33m;[39m
     [90m 54 |[39m 
  })[33m;[39m
     [90m 55 
|[39m[0m

      at 
Object.<anonymous> (s
rc/modules/auth/auth.
integration.spec.ts:5
2:68)
      ----
      at 
Test._assertStatus (n
ode_modules/supertest
/lib/test.js:309:14)
      at node_modules
/supertest/lib/test.j
s:365:13
      at 
Test._assertFunction 
(node_modules/superte
st/lib/test.js:342:13
)
      at Test.assert 
(node_modules/superte
st/lib/test.js:195:23
)
      at localAssert 
(node_modules/superte
st/lib/test.js:138:14
)
      at 
Server.<anonymous> (n
ode_modules/supertest
/lib/test.js:152:11)

  ÔùÅ Auth 
Integration Tests 
ÔÇ║ POST 
/api/auth/login ÔÇ║ 
should login 
successfully and set 
cookies

    expected 200 
"OK", got 403 
"Forbidden"

    [0m [90m 63 
|[39m           reme
mberMe[33m:[39m [3
6mfalse[39m[33m,[3
9m
     [90m 64 |[39m 
        })
    [31m[1m>[22m[
39m[90m 65 |[39m   
      [33m.[39mexpe
ct([35m200[39m)[33
m;[39m
     [90m    |[39m 
         
[31m[1m^[22m[39m
     [90m 66 |[39m
     [90m 67 |[39m 
      expect(response
[33m.[39mbody[33m.
[39mstatus)[33m.[3
9mtoBe([32m'success'
[39m)[33m;[39m
     [90m 68 |[39m 
      expect(response
[33m.[39mheaders[[
32m'set-cookie'[39m]
)[33m.[39mtoBeDefin
ed()[33m;[39m[0m

      at 
Object.<anonymous> (s
rc/modules/auth/auth.
integration.spec.ts:6
5:10)
      ----
      at 
Test._assertStatus (n
ode_modules/supertest
/lib/test.js:309:14)
      at node_modules
/supertest/lib/test.j
s:365:13
      at 
Test._assertFunction 
(node_modules/superte
st/lib/test.js:342:13
)
      at Test.assert 
(node_modules/superte
st/lib/test.js:195:23
)
      at localAssert 
(node_modules/superte
st/lib/test.js:138:14
)
      at 
Server.<anonymous> (n
ode_modules/supertest
/lib/test.js:152:11)

  ÔùÅ Auth 
Integration Tests 
ÔÇ║ POST 
/api/auth/login ÔÇ║ 
should reject 
invalid credentials

    expected 401 
"Unauthorized", got 
403 "Forbidden"

    [0m [90m 83 
|[39m           reme
mberMe[33m:[39m [3
6mfalse[39m[33m,[3
9m
     [90m 84 |[39m 
        })
    [31m[1m>[22m[
39m[90m 85 |[39m   
      [33m.[39mexpe
ct([35m401[39m)[33
m;[39m
     [90m    |[39m 
         
[31m[1m^[22m[39m
     [90m 86 |[39m 
    })[33m;[39m
     [90m 87 |[39m 
  })[33m;[39m
     [90m 88 
|[39m[0m

      at 
Object.<anonymous> (s
rc/modules/auth/auth.
integration.spec.ts:8
5:10)
      ----
      at 
Test._assertStatus (n
ode_modules/supertest
/lib/test.js:309:14)
      at node_modules
/supertest/lib/test.j
s:365:13
      at 
Test._assertFunction 
(node_modules/superte
st/lib/test.js:342:13
)
      at Test.assert 
(node_modules/superte
st/lib/test.js:195:23
)
      at localAssert 
(node_modules/superte
st/lib/test.js:138:14
)
      at 
Server.<anonymous> (n
ode_modules/supertest
/lib/test.js:152:11)

  ÔùÅ Auth 
Integration Tests 
ÔÇ║ POST 
/api/auth/refresh 
ÔÇ║ should refresh 
tokens successfully

    expected 200 
"OK", got 403 
"Forbidden"

    [0m [90m 108 
|[39m         [33m.
[39mpost([32m'/api/
auth/refresh'[39m)
     [90m 109 
|[39m         [33m.
[39m[36mset[39m([
32m'Cookie'[39m[33m
,[39m 
refreshTokenCookie)
    [31m[1m>[22m[
39m[90m 110 |[39m  
       [33m.[39mexp
ect([35m200[39m)[3
3m;[39m
     [90m     
|[39m          
[31m[1m^[22m[39m
     [90m 111 |[39m
     [90m 112 
|[39m       expect(r
esponse[33m.[39mbod
y[33m.[39mstatus)[
33m.[39mtoBe([32m's
uccess'[39m)[33m;[
39m
     [90m 113 
|[39m       expect(r
esponse[33m.[39mhea
ders[[32m'set-cookie
'[39m])[33m.[39mto
BeDefined()[33m;[39
m[0m

      at 
Object.<anonymous> (s
rc/modules/auth/auth.
integration.spec.ts:1
10:10)
      ----
      at 
Test._assertStatus (n
ode_modules/supertest
/lib/test.js:309:14)
      at node_modules
/supertest/lib/test.j
s:365:13
      at 
Test._assertFunction 
(node_modules/superte
st/lib/test.js:342:13
)
      at Test.assert 
(node_modules/superte
st/lib/test.js:195:23
)
      at localAssert 
(node_modules/superte
st/lib/test.js:138:14
)
      at 
Server.<anonymous> (n
ode_modules/supertest
/lib/test.js:152:11)

  ÔùÅ Auth 
Integration Tests 
ÔÇ║ POST 
/api/auth/logout ÔÇ║ 
should logout 
successfully and 
clear cookies

    expected 200 
"OK", got 403 
"Forbidden"

    [0m [90m 135 
|[39m         [33m.
[39mpost([32m'/api/
auth/logout'[39m)
     [90m 136 
|[39m         [33m.
[39m[36mset[39m([
32m'Cookie'[39m[33m
,[39m 
accessTokenCookie)
    [31m[1m>[22m[
39m[90m 137 |[39m  
       [33m.[39mexp
ect([35m200[39m)[3
3m;[39m
     [90m     
|[39m          
[31m[1m^[22m[39m
     [90m 138 |[39m
     [90m 139 
|[39m       expect(r
esponse[33m.[39mbod
y[33m.[39mstatus)[
33m.[39mtoBe([32m's
uccess'[39m)[33m;[
39m
     [90m 140 
|[39m[0m

      at 
Object.<anonymous> (s
rc/modules/auth/auth.
integration.spec.ts:1
37:10)
      ----
      at 
Test._assertStatus (n
ode_modules/supertest
/lib/test.js:309:14)
      at node_modules
/supertest/lib/test.j
s:365:13
      at 
Test._assertFunction 
(node_modules/superte
st/lib/test.js:342:13
)
      at Test.assert 
(node_modules/superte
st/lib/test.js:195:23
)
      at localAssert 
(node_modules/superte
st/lib/test.js:138:14
)
      at 
Server.<anonymous> (n
ode_modules/supertest
/lib/test.js:152:11)

FAIL dist/modules/aut
h/auth.integration.sp
ec.js
  Auth Integration 
Tests
    POST 
/api/auth/register
      ├ù should 
register a new user 
successfully (101 ms)
      ├ù should 
reject duplicate 
email (12 ms)
    POST 
/api/auth/login
      ├ù should 
login successfully 
and set cookies (8 
ms)
      ├ù should 
reject invalid 
credentials (9 ms)
    POST 
/api/auth/refresh
      ├ù should 
refresh tokens 
successfully (8 ms)
    POST 
/api/auth/logout
      ├ù should 
logout successfully 
and clear cookies (6 
ms)

  ÔùÅ Auth 
Integration Tests 
ÔÇ║ POST 
/api/auth/register 
ÔÇ║ should register 
a new user 
successfully

    expected 201 
"Created", got 403 
"Forbidden"

    [0m [90m 35 
|[39m     }
     [90m 36 |[39m
    [31m[1m>[22m[
39m[90m 37 |[39m   
  [90m// 
Desconecta[39m
     [90m    |[39m 
                     
      
[31m[1m^[22m[39m
     [90m 38 |[39m 
    [36mawait[39m p
risma[33m.[39m$disc
onnect()[33m;[39m
     [90m 39 |[39m 
    [36mawait[39m r
edisClient[33m.[39m
disconnect()[33m;[3
9m
     [90m 40 |[39m 
  })[33m;[39m[0m

      at 
Object.<anonymous> (s
rc/modules/auth/auth.
integration.spec.ts:3
7:85)
      ----
      at 
Test._assertStatus (n
ode_modules/supertest
/lib/test.js:309:14)
      at node_modules
/supertest/lib/test.j
s:365:13
      at 
Test._assertFunction 
(node_modules/superte
st/lib/test.js:342:13
)
      at Test.assert 
(node_modules/superte
st/lib/test.js:195:23
)
      at localAssert 
(node_modules/superte
st/lib/test.js:138:14
)
      at 
Server.<anonymous> (n
ode_modules/supertest
/lib/test.js:152:11)

  ÔùÅ Auth 
Integration Tests 
ÔÇ║ POST 
/api/auth/register 
ÔÇ║ should reject 
duplicate email

    expected 400 
"Bad Request", got 
403 "Forbidden"

    [0m [90m 43 
|[39m     
it([32m'should 
register a new user s
uccessfully'[39m[33
m,[39m 
[36masync[39m () 
[33m=>[39m {
     [90m 44 |[39m 
      
[36mconst[39m 
response [33m=[39m 
[36mawait[39m reque
st(app)[33m.[39mpos
t([32m'/api/auth/reg
ister'[39m)[33m.[3
9msend(testUser)[33m
.[39mexpect([35m201
[39m)[33m;[39m
    [31m[1m>[22m[
39m[90m 45 |[39m
     [90m    |[39m 
[31m[1m^[22m[39m
     [90m 46 |[39m 
      expect(response
[33m.[39mbody[33m.
[39mstatus)[33m.[3
9mtoBe([32m'success'
[39m)[33m;[39m
     [90m 47 |[39m 
      expect(response
[33m.[39mbody[33m.
[39mdata[33m.[39mu
ser[33m.[39memail)
[33m.[39mtoBe(testUs
er[33m.[39memail)[
33m;[39m
     [90m 48 |[39m 
      expect(response
[33m.[39mbody[33m.
[39mdata[33m.[39mu
ser)[33m.[39mnot[3
3m.[39mtoHavePropert
y([32m'passwordHash'
[39m)[33m;[39m[0m

      at 
Object.<anonymous> (s
rc/modules/auth/auth.
integration.spec.ts:4
5:68)
      ----
      at 
Test._assertStatus (n
ode_modules/supertest
/lib/test.js:309:14)
      at node_modules
/supertest/lib/test.j
s:365:13
      at 
Test._assertFunction 
(node_modules/superte
st/lib/test.js:342:13
)
      at Test.assert 
(node_modules/superte
st/lib/test.js:195:23
)
      at localAssert 
(node_modules/superte
st/lib/test.js:138:14
)
      at 
Server.<anonymous> (n
ode_modules/supertest
/lib/test.js:152:11)

  ÔùÅ Auth 
Integration Tests 
ÔÇ║ POST 
/api/auth/login ÔÇ║ 
should login 
successfully and set 
cookies

    expected 200 
"OK", got 403 
"Forbidden"

    [0m [90m 56 
|[39m   
describe([32m'POST /
api/auth/login'[39m
[33m,[39m () 
[33m=>[39m {
     [90m 57 |[39m 
    it([32m'should 
login successfully 
and set cookies'[39m
[33m,[39m 
[36masync[39m () 
[33m=>[39m {
    [31m[1m>[22m[
39m[90m 58 |[39m   
    [36mconst[39m 
response [33m=[39m 
[36mawait[39m 
request(app)
     [90m    |[39m 
         
[31m[1m^[22m[39m
     [90m 59 |[39m 
        [33m.[39mpo
st([32m'/api/auth/lo
gin'[39m)
     [90m 60 |[39m 
        
[33m.[39msend({
     [90m 61 |[39m 
          
email[33m:[39m test
User[33m.[39memail
[33m,[39m[0m

      at 
Object.<anonymous> (s
rc/modules/auth/auth.
integration.spec.ts:5
8:10)
      ----
      at 
Test._assertStatus (n
ode_modules/supertest
/lib/test.js:309:14)
      at node_modules
/supertest/lib/test.j
s:365:13
      at 
Test._assertFunction 
(node_modules/superte
st/lib/test.js:342:13
)
      at Test.assert 
(node_modules/superte
st/lib/test.js:195:23
)
      at localAssert 
(node_modules/superte
st/lib/test.js:138:14
)
      at 
Server.<anonymous> (n
ode_modules/supertest
/lib/test.js:152:11)

  ÔùÅ Auth 
Integration Tests 
ÔÇ║ POST 
/api/auth/login ÔÇ║ 
should reject 
invalid credentials

    expected 401 
"Unauthorized", got 
403 "Forbidden"

    [0m [90m 76 
|[39m
     [90m 77 |[39m 
    it([32m'should 
reject invalid creden
tials'[39m[33m,[39
m [36masync[39m () 
[33m=>[39m {
    [31m[1m>[22m[
39m[90m 78 |[39m   
    [36mawait[39m 
request(app)
     [90m    |[39m 
         
[31m[1m^[22m[39m
     [90m 79 |[39m 
        [33m.[39mpo
st([32m'/api/auth/lo
gin'[39m)
     [90m 80 |[39m 
        
[33m.[39msend({
     [90m 81 |[39m 
          
email[33m:[39m test
User[33m.[39memail
[33m,[39m[0m

      at 
Object.<anonymous> (s
rc/modules/auth/auth.
integration.spec.ts:7
8:10)
      ----
      at 
Test._assertStatus (n
ode_modules/supertest
/lib/test.js:309:14)
      at node_modules
/supertest/lib/test.j
s:365:13
      at 
Test._assertFunction 
(node_modules/superte
st/lib/test.js:342:13
)
      at Test.assert 
(node_modules/superte
st/lib/test.js:195:23
)
      at localAssert 
(node_modules/superte
st/lib/test.js:138:14
)
      at 
Server.<anonymous> (n
ode_modules/supertest
/lib/test.js:152:11)

  ÔùÅ Auth 
Integration Tests 
ÔÇ║ POST 
/api/auth/refresh 
ÔÇ║ should refresh 
tokens successfully

    expected 200 
"OK", got 403 
"Forbidden"

    [0m [90m 101 
|[39m       
[36mif[39m ([33mAr
ray[39m[33m.[39mis
Array(cookies)) {
     [90m 102 
|[39m         
refreshTokenCookie 
[33m=[39m cookies[
33m.[39mfind((c) 
[33m=>[39m c[33m.
[39mstartsWith([32m'
refresh_token='[39m)
) [33m||[39m [32m'
'[39m[33m;[39m
    [31m[1m>[22m[
39m[90m 103 |[39m  
     }
     [90m     
|[39m        
[31m[1m^[22m[39m
     [90m 104 
|[39m     
})[33m;[39m
     [90m 105 |[39m
     [90m 106 
|[39m     
it([32m'should 
refresh tokens succes
sfully'[39m[33m,[3
9m [36masync[39m 
() [33m=>[39m {[0m

      at 
Object.<anonymous> (s
rc/modules/auth/auth.
integration.spec.ts:1
03:10)
      ----
      at 
Test._assertStatus (n
ode_modules/supertest
/lib/test.js:309:14)
      at node_modules
/supertest/lib/test.j
s:365:13
      at 
Test._assertFunction 
(node_modules/superte
st/lib/test.js:342:13
)
      at Test.assert 
(node_modules/superte
st/lib/test.js:195:23
)
      at localAssert 
(node_modules/superte
st/lib/test.js:138:14
)
      at 
Server.<anonymous> (n
ode_modules/supertest
/lib/test.js:152:11)

  ÔùÅ Auth 
Integration Tests 
ÔÇ║ POST 
/api/auth/logout ÔÇ║ 
should logout 
successfully and 
clear cookies

    expected 200 
"OK", got 403 
"Forbidden"

    [0m [90m 128 
|[39m       
[36mif[39m ([33mAr
ray[39m[33m.[39mis
Array(cookies)) {
     [90m 129 
|[39m         
accessTokenCookie 
[33m=[39m cookies[
33m.[39mfind((c) 
[33m=>[39m c[33m.
[39mstartsWith([32m'
access_token='[39m))
 [33m||[39m [32m''
[39m[33m;[39m
    [31m[1m>[22m[
39m[90m 130 |[39m  
     }
     [90m     
|[39m        
[31m[1m^[22m[39m
     [90m 131 
|[39m     
})[33m;[39m
     [90m 132 |[39m
     [90m 133 
|[39m     
it([32m'should 
logout successfully 
and clear cookies'[3
9m[33m,[39m 
[36masync[39m () 
[33m=>[39m {[0m

      at 
Object.<anonymous> (s
rc/modules/auth/auth.
integration.spec.ts:1
30:10)
      ----
      at 
Test._assertStatus (n
ode_modules/supertest
/lib/test.js:309:14)
      at node_modules
/supertest/lib/test.j
s:365:13
      at 
Test._assertFunction 
(node_modules/superte
st/lib/test.js:342:13
)
      at Test.assert 
(node_modules/superte
st/lib/test.js:195:23
)
      at localAssert 
(node_modules/superte
st/lib/test.js:138:14
)
      at 
Server.<anonymous> (n
ode_modules/supertest
/lib/test.js:152:11)

Test Suites: 2 
failed, 2 total
Tests:       12 
failed, 12 total
Snapshots:   0 total
Time:        5.95 s, 
estimated 35 s
Ran all test suites 
matching integration.
